OpenJDK 64-Bit Server VM warning: Option CriticalJNINatives was deprecated in version 16.0 and will likely be removed in a future release.
OpenJDK 64-Bit Server VM warning: Sharing is only supported for boot loader classes because bootstrap classpath has been appended
INFO: using inputs from: /github/workspace/build-out/dummy_corpus_dir_for_CharIlaFactoryConcatenateFuzzer
INFO: using inputs from: /github/workspace/cifuzz-corpus/CharIlaFactoryConcatenateFuzzer
INFO: found LLVMFuzzerCustomMutator (0x7f368e3d6ab0). Disabling -len_control by default.
INFO: libFuzzer ignores flags that start with '--'
INFO: Running with entropic power schedule (0xFF, 100).
INFO: Seed: 1901212431
MERGE-OUTER: 81 files, 0 in the initial corpus, 0 processed earlier
MERGE-OUTER: attempt 1
OpenJDK 64-Bit Server VM warning: Option CriticalJNINatives was deprecated in version 16.0 and will likely be removed in a future release.
OpenJDK 64-Bit Server VM warning: Sharing is only supported for boot loader classes because bootstrap classpath has been appended
INFO: using inputs from: /github/workspace/build-out/dummy_corpus_dir_for_CharIlaFactoryConcatenateFuzzer
INFO: using inputs from: /github/workspace/cifuzz-corpus/CharIlaFactoryConcatenateFuzzer
INFO: found LLVMFuzzerCustomMutator (0x7fb398d6dab0). Disabling -len_control by default.
INFO: libFuzzer ignores flags that start with '--'
INFO: Running with entropic power schedule (0xFF, 100).
INFO: Seed: 1613814542
INFO: -max_len is not provided; libFuzzer will not generate inputs larger than 1048576 bytes
MERGE-INNER: using the control file '/tmp/libFuzzerTemp.Merge2172.txt'
MERGE-INNER: 81 total files; 0 processed earlier; will process 81 files now
#1	pulse  exec/s: 0 rss: 108Mb
#2	pulse  exec/s: 0 rss: 108Mb
#4	pulse  exec/s: 0 rss: 108Mb
#8	pulse  exec/s: 0 rss: 108Mb
#16	pulse  exec/s: 0 rss: 108Mb
#32	pulse  exec/s: 0 rss: 108Mb
#64	pulse  exec/s: 0 rss: 109Mb
#81	DONE   exec/s: 0 rss: 109Mb
MERGE-OUTER: successful in 1 attempt(s)
MERGE-OUTER: the control file has 10634 bytes
MERGE-OUTER: consumed 0Mb (90Mb rss) to parse the control file
MERGE-OUTER: 0 new files with 0 new features added; 0 new coverage edges
