OpenJDK 64-Bit Server VM warning: Option CriticalJNINatives was deprecated in version 16.0 and will likely be removed in a future release.
OpenJDK 64-Bit Server VM warning: Sharing is only supported for boot loader classes because bootstrap classpath has been appended
INFO: using inputs from: /github/workspace/build-out/dummy_corpus_dir_for_FloatIlaFactoryDecimateFuzzer
INFO: using inputs from: /github/workspace/cifuzz-corpus/FloatIlaFactoryDecimateFuzzer
INFO: found LLVMFuzzerCustomMutator (0x7f0e55308ab0). Disabling -len_control by default.
INFO: libFuzzer ignores flags that start with '--'
INFO: Running with entropic power schedule (0xFF, 100).
INFO: Seed: 218434508
MERGE-OUTER: 109 files, 0 in the initial corpus, 0 processed earlier
MERGE-OUTER: attempt 1
OpenJDK 64-Bit Server VM warning: Option CriticalJNINatives was deprecated in version 16.0 and will likely be removed in a future release.
OpenJDK 64-Bit Server VM warning: Sharing is only supported for boot loader classes because bootstrap classpath has been appended
INFO: using inputs from: /github/workspace/build-out/dummy_corpus_dir_for_FloatIlaFactoryDecimateFuzzer
INFO: using inputs from: /github/workspace/cifuzz-corpus/FloatIlaFactoryDecimateFuzzer
INFO: found LLVMFuzzerCustomMutator (0x7f9d4696bab0). Disabling -len_control by default.
INFO: libFuzzer ignores flags that start with '--'
INFO: Running with entropic power schedule (0xFF, 100).
INFO: Seed: 3536333815
INFO: -max_len is not provided; libFuzzer will not generate inputs larger than 1048576 bytes
MERGE-INNER: using the control file '/tmp/libFuzzerTemp.Merge3531.txt'
MERGE-INNER: 109 total files; 0 processed earlier; will process 109 files now
#1	pulse  exec/s: 0 rss: 100Mb
#2	pulse  exec/s: 0 rss: 100Mb
#4	pulse  exec/s: 0 rss: 100Mb
#8	pulse  exec/s: 0 rss: 100Mb
#16	pulse  exec/s: 0 rss: 100Mb
#32	pulse  exec/s: 0 rss: 100Mb
#64	pulse  exec/s: 0 rss: 101Mb
#109	DONE   exec/s: 0 rss: 101Mb
MERGE-OUTER: successful in 1 attempt(s)
MERGE-OUTER: the control file has 14157 bytes
MERGE-OUTER: consumed 0Mb (95Mb rss) to parse the control file
MERGE-OUTER: 0 new files with 0 new features added; 0 new coverage edges
