OpenJDK 64-Bit Server VM warning: Option CriticalJNINatives was deprecated in version 16.0 and will likely be removed in a future release.
OpenJDK 64-Bit Server VM warning: Sharing is only supported for boot loader classes because bootstrap classpath has been appended
INFO: using inputs from: /github/workspace/build-out/dummy_corpus_dir_for_LongIlaFactoryAddFuzzer
INFO: using inputs from: /github/workspace/cifuzz-corpus/LongIlaFactoryAddFuzzer
INFO: found LLVMFuzzerCustomMutator (0x7f806d914ab0). Disabling -len_control by default.
INFO: libFuzzer ignores flags that start with '--'
INFO: Running with entropic power schedule (0xFF, 100).
INFO: Seed: 880042142
MERGE-OUTER: 90 files, 0 in the initial corpus, 0 processed earlier
MERGE-OUTER: attempt 1
OpenJDK 64-Bit Server VM warning: Option CriticalJNINatives was deprecated in version 16.0 and will likely be removed in a future release.
OpenJDK 64-Bit Server VM warning: Sharing is only supported for boot loader classes because bootstrap classpath has been appended
INFO: using inputs from: /github/workspace/build-out/dummy_corpus_dir_for_LongIlaFactoryAddFuzzer
INFO: using inputs from: /github/workspace/cifuzz-corpus/LongIlaFactoryAddFuzzer
INFO: found LLVMFuzzerCustomMutator (0x7fa9de769ab0). Disabling -len_control by default.
INFO: libFuzzer ignores flags that start with '--'
INFO: Running with entropic power schedule (0xFF, 100).
INFO: Seed: 3126310211
INFO: -max_len is not provided; libFuzzer will not generate inputs larger than 1048576 bytes
MERGE-INNER: using the control file '/tmp/libFuzzerTemp.Merge3968.txt'
MERGE-INNER: 90 total files; 0 processed earlier; will process 90 files now
#1	pulse  exec/s: 0 rss: 100Mb
#2	pulse  exec/s: 0 rss: 101Mb
#4	pulse  exec/s: 0 rss: 101Mb
#8	pulse  exec/s: 0 rss: 101Mb
#16	pulse  exec/s: 0 rss: 101Mb
#32	pulse  exec/s: 0 rss: 101Mb
#64	pulse  exec/s: 0 rss: 102Mb
#90	DONE   exec/s: 0 rss: 103Mb
MERGE-OUTER: successful in 1 attempt(s)
MERGE-OUTER: the control file has 11105 bytes
MERGE-OUTER: consumed 0Mb (93Mb rss) to parse the control file
MERGE-OUTER: 0 new files with 0 new features added; 0 new coverage edges
